// Jest Snapshot v1, https://goo.gl/fbAQLP

exports[`Test Subject 1`] = `<DocumentFragment />`;
