// Jest Snapshot v1, https://goo.gl/fbAQLP

exports[`Test Student 1`] = `<DocumentFragment />`;
