// Jest Snapshot v1, https://goo.gl/fbAQLP

exports[`Test Navbar 1`] = `<DocumentFragment />`;
