// Jest Snapshot v1, https://goo.gl/fbAQLP

exports[`Test Login 1`] = `<DocumentFragment />`;
