// Jest Snapshot v1, https://goo.gl/fbAQLP

exports[`Test Dashboard 1`] = `<DocumentFragment />`;
